amanyadav@amans-mbp sd %  /usr/bin/env /opt/homebrew/bin/python3 /Users/amanyada
v/.vscode/extensions/ms-python.python-2022.16.1/pythonFiles/lib/python/debugpy/a
dapter/../../debugpy/launcher 63257 -- /Users/amanyadav/Desktop/sd/test.py 
....
----------------------------------------------------------------------
Ran 4 tests in 0.002s

OK
